Archive member included to satisfy reference by file (symbol)

/home/glenn2/ledger/gcc-arm-none-eabi-10-2020-q4-major/bin/../lib/gcc/arm-none-eabi/10.2.1/thumb/v6-m/nofp/libgcc.a(_udivsi3.o)
                              obj/os_io_seproxyhal.o (__aeabi_uidiv)
/home/glenn2/ledger/gcc-arm-none-eabi-10-2020-q4-major/bin/../lib/gcc/arm-none-eabi/10.2.1/thumb/v6-m/nofp/libgcc.a(_divsi3.o)
                              obj/eth_internals.o (__aeabi_idiv)
/home/glenn2/ledger/gcc-arm-none-eabi-10-2020-q4-major/bin/../lib/gcc/arm-none-eabi/10.2.1/thumb/v6-m/nofp/libgcc.a(_dvmd_tls.o)
                              /home/glenn2/ledger/gcc-arm-none-eabi-10-2020-q4-major/bin/../lib/gcc/arm-none-eabi/10.2.1/thumb/v6-m/nofp/libgcc.a(_udivsi3.o) (__aeabi_idiv0)
/home/glenn2/ledger/gcc-arm-none-eabi-10-2020-q4-major/bin/../lib/gcc/arm-none-eabi/10.2.1/thumb/v6-m/nofp/libgcc.a(_arm_cmpdf2.o)
                              obj/printf.o (__aeabi_dcmplt)
/home/glenn2/ledger/gcc-arm-none-eabi-10-2020-q4-major/bin/../lib/gcc/arm-none-eabi/10.2.1/thumb/v6-m/nofp/libgcc.a(_aeabi_uldivmod.o)
                              obj/printf.o (__aeabi_uldivmod)
/home/glenn2/ledger/gcc-arm-none-eabi-10-2020-q4-major/bin/../lib/gcc/arm-none-eabi/10.2.1/thumb/v6-m/nofp/libgcc.a(_muldi3.o)
                              obj/printf.o (__aeabi_lmul)
/home/glenn2/ledger/gcc-arm-none-eabi-10-2020-q4-major/bin/../lib/gcc/arm-none-eabi/10.2.1/thumb/v6-m/nofp/libgcc.a(_fixunsdfsi.o)
                              obj/printf.o (__aeabi_d2uiz)
/home/glenn2/ledger/gcc-arm-none-eabi-10-2020-q4-major/bin/../lib/gcc/arm-none-eabi/10.2.1/thumb/v6-m/nofp/libgcc.a(_udivmoddi4.o)
                              /home/glenn2/ledger/gcc-arm-none-eabi-10-2020-q4-major/bin/../lib/gcc/arm-none-eabi/10.2.1/thumb/v6-m/nofp/libgcc.a(_aeabi_uldivmod.o) (__udivmoddi4)
/home/glenn2/ledger/gcc-arm-none-eabi-10-2020-q4-major/bin/../lib/gcc/arm-none-eabi/10.2.1/thumb/v6-m/nofp/libgcc.a(adddf3.o)
                              obj/printf.o (__aeabi_dadd)
/home/glenn2/ledger/gcc-arm-none-eabi-10-2020-q4-major/bin/../lib/gcc/arm-none-eabi/10.2.1/thumb/v6-m/nofp/libgcc.a(divdf3.o)
                              obj/printf.o (__aeabi_ddiv)
/home/glenn2/ledger/gcc-arm-none-eabi-10-2020-q4-major/bin/../lib/gcc/arm-none-eabi/10.2.1/thumb/v6-m/nofp/libgcc.a(eqdf2.o)
                              /home/glenn2/ledger/gcc-arm-none-eabi-10-2020-q4-major/bin/../lib/gcc/arm-none-eabi/10.2.1/thumb/v6-m/nofp/libgcc.a(_arm_cmpdf2.o) (__eqdf2)
/home/glenn2/ledger/gcc-arm-none-eabi-10-2020-q4-major/bin/../lib/gcc/arm-none-eabi/10.2.1/thumb/v6-m/nofp/libgcc.a(gedf2.o)
                              /home/glenn2/ledger/gcc-arm-none-eabi-10-2020-q4-major/bin/../lib/gcc/arm-none-eabi/10.2.1/thumb/v6-m/nofp/libgcc.a(_arm_cmpdf2.o) (__gedf2)
/home/glenn2/ledger/gcc-arm-none-eabi-10-2020-q4-major/bin/../lib/gcc/arm-none-eabi/10.2.1/thumb/v6-m/nofp/libgcc.a(ledf2.o)
                              /home/glenn2/ledger/gcc-arm-none-eabi-10-2020-q4-major/bin/../lib/gcc/arm-none-eabi/10.2.1/thumb/v6-m/nofp/libgcc.a(_arm_cmpdf2.o) (__ledf2)
/home/glenn2/ledger/gcc-arm-none-eabi-10-2020-q4-major/bin/../lib/gcc/arm-none-eabi/10.2.1/thumb/v6-m/nofp/libgcc.a(muldf3.o)
                              obj/printf.o (__aeabi_dmul)
/home/glenn2/ledger/gcc-arm-none-eabi-10-2020-q4-major/bin/../lib/gcc/arm-none-eabi/10.2.1/thumb/v6-m/nofp/libgcc.a(subdf3.o)
                              obj/printf.o (__aeabi_dsub)
/home/glenn2/ledger/gcc-arm-none-eabi-10-2020-q4-major/bin/../lib/gcc/arm-none-eabi/10.2.1/thumb/v6-m/nofp/libgcc.a(unorddf2.o)
                              obj/printf.o (__aeabi_dcmpun)
/home/glenn2/ledger/gcc-arm-none-eabi-10-2020-q4-major/bin/../lib/gcc/arm-none-eabi/10.2.1/thumb/v6-m/nofp/libgcc.a(fixdfsi.o)
                              obj/printf.o (__aeabi_d2iz)
/home/glenn2/ledger/gcc-arm-none-eabi-10-2020-q4-major/bin/../lib/gcc/arm-none-eabi/10.2.1/thumb/v6-m/nofp/libgcc.a(floatsidf.o)
                              obj/printf.o (__aeabi_i2d)
/home/glenn2/ledger/gcc-arm-none-eabi-10-2020-q4-major/bin/../lib/gcc/arm-none-eabi/10.2.1/thumb/v6-m/nofp/libgcc.a(floatunsidf.o)
                              obj/printf.o (__aeabi_ui2d)
/home/glenn2/ledger/gcc-arm-none-eabi-10-2020-q4-major/bin/../lib/gcc/arm-none-eabi/10.2.1/thumb/v6-m/nofp/libgcc.a(_clzsi2.o)
                              /home/glenn2/ledger/gcc-arm-none-eabi-10-2020-q4-major/bin/../lib/gcc/arm-none-eabi/10.2.1/thumb/v6-m/nofp/libgcc.a(adddf3.o) (__clzsi2)
/home/glenn2/ledger/gcc-arm-none-eabi-10-2020-q4-major/bin/../lib/gcc/arm-none-eabi/10.2.1/thumb/v6-m/nofp/libgcc.a(_clzdi2.o)
                              /home/glenn2/ledger/gcc-arm-none-eabi-10-2020-q4-major/bin/../lib/gcc/arm-none-eabi/10.2.1/thumb/v6-m/nofp/libgcc.a(_udivmoddi4.o) (__clzdi2)
/home/glenn2/ledger/gcc-arm-none-eabi-10-2020-q4-major/bin/../lib/gcc/arm-none-eabi/10.2.1/../../../../arm-none-eabi/lib/thumb/v6-m/nofp/libc_nano.a(lib_a-aeabi_memclr.o)
[...]
Memory Configuration

Name             Origin             Length             Attributes
DISCARD          0x00000000d0000000 0x0000000000100000 xrw
FLASH            0x00000000c0d00000 0x0000000000064000 xr
SRAM             0x0000000020000200 0x0000000000001200 xrw
CXSRAM           0x0000000020001400 0x0000000000000400 xrw
*default*        0x0000000000000000 0xffffffffffffffff

Linker script and memory map

LOAD obj/checks.o
LOAD obj/cx_stubs.o
LOAD obj/debug.o
LOAD obj/eth_internals.o
LOAD obj/glyphs.o
LOAD obj/handle_finalize.o
LOAD obj/handle_init_contract.o
LOAD obj/handle_provide_parameter.o
LOAD obj/handle_provide_token.o
LOAD obj/handle_query_contract_id.o
LOAD obj/handle_query_contract_ui.o
LOAD obj/main.o
LOAD obj/os.o
LOAD obj/os_io_seproxyhal.o
LOAD obj/os_io_task.o
LOAD obj/os_io_usb.o
LOAD obj/os_printf.o
LOAD obj/pic.o
LOAD obj/pic_internal.o
LOAD obj/printf.o
LOAD obj/svc_call.o
LOAD obj/svc_cx_call.o
LOAD obj/syscalls.o
LOAD obj/u2f_impl.o
LOAD obj/u2f_io.o
LOAD obj/u2f_transport.o
LOAD obj/usbd_ccid_cmd.o
LOAD obj/usbd_ccid_core.o
LOAD obj/usbd_ccid_if.o
LOAD obj/usbd_conf.o
LOAD obj/usbd_core.o
LOAD obj/usbd_ctlreq.o
LOAD obj/usbd_hid.o
LOAD obj/usbd_impl.o
LOAD obj/usbd_ioreq.o
LOAD obj/utils.o
LOAD obj/ux_flow_engine.o
LOAD obj/ux_layout_bb.o
LOAD obj/ux_layout_bn.o
LOAD obj/ux_layout_bnn.o
LOAD obj/ux_layout_bnnn.o
LOAD obj/ux_layout_nn.o
LOAD obj/ux_layout_nnbnn.o
LOAD obj/ux_layout_nnn.o
LOAD obj/ux_layout_nnnn.o
LOAD obj/ux_layout_paging.o
LOAD obj/ux_layout_paging_compute.o
LOAD obj/ux_layout_pb.o
LOAD obj/ux_layout_pbb.o
LOAD obj/ux_layout_pn.o
LOAD obj/ux_layout_pnn.o
LOAD obj/ux_layout_utils.o
LOAD obj/ux_legacy.o
LOAD obj/ux_menulist.o
LOAD obj/ux_stack.o
LOAD /home/glenn2/ledger/gcc-arm-none-eabi-10-2020-q4-major/bin/../lib/gcc/arm-none-eabi/10.2.1/../../../../arm-none-eabi/lib/thumb/v6-m/nofp/libm.a
LOAD /home/glenn2/ledger/gcc-arm-none-eabi-10-2020-q4-major/bin/../lib/gcc/arm-none-eabi/10.2.1/thumb/v6-m/nofp/libgcc.a
LOAD /home/glenn2/ledger/gcc-arm-none-eabi-10-2020-q4-major/bin/../lib/gcc/arm-none-eabi/10.2.1/../../../../arm-none-eabi/lib/thumb/v6-m/nofp/libc_nano.a
START GROUP
LOAD /home/glenn2/ledger/gcc-arm-none-eabi-10-2020-q4-major/bin/../lib/gcc/arm-none-eabi/10.2.1/thumb/v6-m/nofp/libgcc.a
LOAD /home/glenn2/ledger/gcc-arm-none-eabi-10-2020-q4-major/bin/../lib/gcc/arm-none-eabi/10.2.1/../../../../arm-none-eabi/lib/thumb/v6-m/nofp/libg_nano.a
LOAD /home/glenn2/ledger/gcc-arm-none-eabi-10-2020-q4-major/bin/../lib/gcc/arm-none-eabi/10.2.1/../../../../arm-none-eabi/lib/thumb/v6-m/nofp/libc_nano.a
END GROUP
START GROUP
LOAD /home/glenn2/ledger/gcc-arm-none-eabi-10-2020-q4-major/bin/../lib/gcc/arm-none-eabi/10.2.1/thumb/v6-m/nofp/libgcc.a
LOAD /home/glenn2/ledger/gcc-arm-none-eabi-10-2020-q4-major/bin/../lib/gcc/arm-none-eabi/10.2.1/../../../../arm-none-eabi/lib/thumb/v6-m/nofp/libc_nano.a
END GROUP
                0x0000000000000040                PAGE_SIZE = 0x40
                0x0000000000000400                STACK_SIZE = DEFINED (stack_size)?stack_size:0x400
                0x0000000020001400                END_STACK = (ORIGIN (SRAM) + LENGTH (SRAM))
                0x0000000000000000                OFF_G_cx = (0x20001400 - ORIGIN (CXSRAM))
                0x0000000000120001                _cx_trampoline = 0x120001

.text           0x00000000c0d00000     0x5700
                0x00000000c0d00000                _text = .
                0x00000000c0d00000                _nvram_start = .
 *(.boot*)
 .boot          0x00000000c0d00000       0x84 obj/main.o
                0x00000000c0d00000                main
 *(.text*)
 .text.cx_hash_get_size
                0x00000000c0d00084        0xc obj/cx_stubs.o
                0x00000000c0d00084                cx_hash_get_size
 .text.cx_hash_no_throw
                0x00000000c0d00090        0xc obj/cx_stubs.o
                0x00000000c0d00090                cx_hash_no_throw
 .text.cx_keccak_init_no_throw
                0x00000000c0d0009c        0xc obj/cx_stubs.o
                0x00000000c0d0009c                cx_keccak_init_no_throw
 .text.cx_swap_uint64
                0x00000000c0d000a8       0x14 obj/cx_stubs.o
                0x00000000c0d000a8                cx_swap_uint64
 .text.semihosted_printf
                0x00000000c0d000bc       0x48 obj/debug.o
                0x00000000c0d000bc                semihosted_printf
 .text.print_bytes
                0x00000000c0d00104       0x6c obj/debug.o
                0x00000000c0d00104                print_bytes
 .text.getEthAddressStringFromBinary
                0x00000000c0d00170       0xd8 obj/eth_internals.o
                0x00000000c0d00170                getEthAddressStringFromBinary
 .text.adjustDecimals
                0x00000000c0d00248      0x15c obj/eth_internals.o
                0x00000000c0d00248                adjustDecimals
 .text.uint256_to_decimal
                0x00000000c0d003a4       0xc4 obj/eth_internals.o
                0x00000000c0d003a4                uint256_to_decimal
 .text.amountToString
                0x00000000c0d00468       0xe8 obj/eth_internals.o
                0x00000000c0d00468                amountToString
 .text.handle_finalize
                0x00000000c0d00550       0x70 obj/handle_finalize.o
                0x00000000c0d00550                handle_finalize
 .text.handle_init_contract
                0x00000000c0d005c0       0xe4 obj/handle_init_contract.o
                0x00000000c0d005c0                handle_init_contract
 .text.handle_provide_parameter
                0x00000000c0d006a4      0x7d0 obj/handle_provide_parameter.o
                0x00000000c0d006a4                handle_provide_parameter
 .text.handle_provide_token
                0x00000000c0d00e74       0xd8 obj/handle_provide_token.o
                0x00000000c0d00e74                handle_provide_token
 .text.handle_query_contract_id
                0x00000000c0d00f4c       0x68 obj/handle_query_contract_id.o
                0x00000000c0d00f4c                handle_query_contract_id
 .text.handle_query_contract_ui
                0x00000000c0d00fb4      0x3fc obj/handle_query_contract_ui.o
                0x00000000c0d00fb4                handle_query_contract_ui
 .text.dispatch_plugin_calls
                0x00000000c0d013b0       0xd0 obj/main.o
                0x00000000c0d013b0                dispatch_plugin_calls
 .text.os_boot  0x00000000c0d01480        0xa obj/os.o
                0x00000000c0d01480                os_boot
 *fill*         0x00000000c0d0148a        0x2 00
 .text.os_longjmp
                0x00000000c0d0148c       0x1c obj/os.o
                0x00000000c0d0148c                os_longjmp
 .text.snprintf
                0x00000000c0d014a8      0x3f4 obj/os_printf.o
                0x00000000c0d014a8                snprintf
 .text.pic      0x00000000c0d0189c       0x1c obj/pic.o
                0x00000000c0d0189c                pic
 .text.pic_internal
                0x00000000c0d018b8       0x10 obj/pic_internal.o
                0x00000000c0d018b8                pic_internal
 .text._vsnprintf
                0x00000000c0d018c8      0x52a obj/printf.o
 .text._out_buffer
                0x00000000c0d01df2        0x8 obj/printf.o
 *fill*         0x00000000c0d01dfa        0x2 00
 .text.vsnprintf_
                0x00000000c0d01dfc       0x20 obj/printf.o
                0x00000000c0d01dfc                vsnprintf_
 .text._out_null
                0x00000000c0d01e1c        0x2 obj/printf.o
 .text._ntoa_long_long
                0x00000000c0d01e1e       0xc2 obj/printf.o
 .text._ntoa_long
                0x00000000c0d01ee0       0x94 obj/printf.o
 .text._ftoa    0x00000000c0d01f74      0x3e0 obj/printf.o
 .text._etoa    0x00000000c0d02354      0x3e4 obj/printf.o
 .text._ntoa_format
                0x00000000c0d02738      0x146 obj/printf.o
 .text._out_rev
                0x00000000c0d0287e       0xaa obj/printf.o
 .text          0x00000000c0d02928        0xe obj/svc_call.o
                0x00000000c0d02928                SVC_Call
 *fill*         0x00000000c0d02936        0x2 00
 .text.get_api_level
                0x00000000c0d02938       0x1c obj/syscalls.o
                0x00000000c0d02938                get_api_level
 .text.os_lib_call
                0x00000000c0d02954       0x1c obj/syscalls.o
                0x00000000c0d02954                os_lib_call
 .text.os_lib_end
                0x00000000c0d02970       0x18 obj/syscalls.o
                0x00000000c0d02970                os_lib_end
 .text.os_sched_exit
                0x00000000c0d02988       0x1c obj/syscalls.o
                0x00000000c0d02988                os_sched_exit
 .text.try_context_get
                0x00000000c0d029a4       0x18 obj/syscalls.o
                0x00000000c0d029a4                try_context_get
 .text.try_context_set
                0x00000000c0d029bc       0x1c obj/syscalls.o
                0x00000000c0d029bc                try_context_set
 .text          0x00000000c0d029d8      0x114 /home/glenn2/ledger/gcc-arm-none-eabi-10-2020-q4-major/bin/../lib/gcc/arm-none-eabi/10.2.1/thumb/v6-m/nofp/libgcc.a(_udivsi3.o)
                0x00000000c0d029d8                __udivsi3
                0x00000000c0d029d8                __aeabi_uidiv
                0x00000000c0d02ae4                __aeabi_uidivmod
 .text          0x00000000c0d02aec      0x1d4 /home/glenn2/ledger/gcc-arm-none-eabi-10-2020-q4-major/bin/../lib/gcc/arm-none-eabi/10.2.1/thumb/v6-m/nofp/libgcc.a(_divsi3.o)
                0x00000000c0d02aec                __aeabi_idiv
                0x00000000c0d02aec                __divsi3
                0x00000000c0d02cb8                __aeabi_idivmod
 .text          0x00000000c0d02cc0        0x4 /home/glenn2/ledger/gcc-arm-none-eabi-10-2020-q4-major/bin/../lib/gcc/arm-none-eabi/10.2.1/thumb/v6-m/nofp/libgcc.a(_dvmd_tls.o)
                0x00000000c0d02cc0                __aeabi_ldiv0
                0x00000000c0d02cc0                __aeabi_idiv0
 .text          0x00000000c0d02cc4       0x7c /home/glenn2/ledger/gcc-arm-none-eabi-10-2020-q4-major/bin/../lib/gcc/arm-none-eabi/10.2.1/thumb/v6-m/nofp/libgcc.a(_arm_cmpdf2.o)
                0x00000000c0d02cc4                __aeabi_cdrcmple
                0x00000000c0d02cd4                __aeabi_cdcmple
                0x00000000c0d02cd4                __aeabi_cdcmpeq
                0x00000000c0d02ce4                __aeabi_dcmpeq
                0x00000000c0d02cf0                __aeabi_dcmplt
                0x00000000c0d02d04                __aeabi_dcmple
                0x00000000c0d02d18                __aeabi_dcmpgt
                0x00000000c0d02d2c                __aeabi_dcmpge
 .text          0x00000000c0d02d40       0x40 /home/glenn2/ledger/gcc-arm-none-eabi-10-2020-q4-major/bin/../lib/gcc/arm-none-eabi/10.2.1/thumb/v6-m/nofp/libgcc.a(_aeabi_uldivmod.o)
                0x00000000c0d02d40                __aeabi_uldivmod
 .text          0x00000000c0d02d80       0x5c /home/glenn2/ledger/gcc-arm-none-eabi-10-2020-q4-major/bin/../lib/gcc/arm-none-eabi/10.2.1/thumb/v6-m/nofp/libgcc.a(_muldi3.o)
                0x00000000c0d02d80                __aeabi_lmul
                0x00000000c0d02d80                __muldi3
 .text          0x00000000c0d02ddc       0x3c /home/glenn2/ledger/gcc-arm-none-eabi-10-2020-q4-major/bin/../lib/gcc/arm-none-eabi/10.2.1/thumb/v6-m/nofp/libgcc.a(_fixunsdfsi.o)
                0x00000000c0d02ddc                __fixunsdfsi
                0x00000000c0d02ddc                __aeabi_d2uiz
 .text          0x00000000c0d02e18      0x198 /home/glenn2/ledger/gcc-arm-none-eabi-10-2020-q4-major/bin/../lib/gcc/arm-none-eabi/10.2.1/thumb/v6-m/nofp/libgcc.a(_udivmoddi4.o)
                0x00000000c0d02e18                __udivmoddi4
 .text          0x00000000c0d02fb0      0x678 /home/glenn2/ledger/gcc-arm-none-eabi-10-2020-q4-major/bin/../lib/gcc/arm-none-eabi/10.2.1/thumb/v6-m/nofp/libgcc.a(adddf3.o)
                0x00000000c0d02fb0                __aeabi_dadd
 .text          0x00000000c0d03628      0x5ec /home/glenn2/ledger/gcc-arm-none-eabi-10-2020-q4-major/bin/../lib/gcc/arm-none-eabi/10.2.1/thumb/v6-m/nofp/libgcc.a(divdf3.o)
                0x00000000c0d03628                __aeabi_ddiv
 .text          0x00000000c0d03c14       0x84 /home/glenn2/ledger/gcc-arm-none-eabi-10-2020-q4-major/bin/../lib/gcc/arm-none-eabi/10.2.1/thumb/v6-m/nofp/libgcc.a(eqdf2.o)
                0x00000000c0d03c14                __eqdf2
                0x00000000c0d03c14                __nedf2
 .text          0x00000000c0d03c98       0xcc /home/glenn2/ledger/gcc-arm-none-eabi-10-2020-q4-major/bin/../lib/gcc/arm-none-eabi/10.2.1/thumb/v6-m/nofp/libgcc.a(gedf2.o)
                0x00000000c0d03c98                __gtdf2
                0x00000000c0d03c98                __gedf2
 .text          0x00000000c0d03d64       0xc8 /home/glenn2/ledger/gcc-arm-none-eabi-10-2020-q4-major/bin/../lib/gcc/arm-none-eabi/10.2.1/thumb/v6-m/nofp/libgcc.a(ledf2.o)
                0x00000000c0d03d64                __ltdf2
                0x00000000c0d03d64                __ledf2
 .text          0x00000000c0d03e2c      0x4dc /home/glenn2/ledger/gcc-arm-none-eabi-10-2020-q4-major/bin/../lib/gcc/arm-none-eabi/10.2.1/thumb/v6-m/nofp/libgcc.a(muldf3.o)
                0x00000000c0d03e2c                __aeabi_dmul
 .text          0x00000000c0d04308      0x724 /home/glenn2/ledger/gcc-arm-none-eabi-10-2020-q4-major/bin/../lib/gcc/arm-none-eabi/10.2.1/thumb/v6-m/nofp/libgcc.a(subdf3.o)
                0x00000000c0d04308                __aeabi_dsub
 .text          0x00000000c0d04a2c       0x3c /home/glenn2/ledger/gcc-arm-none-eabi-10-2020-q4-major/bin/../lib/gcc/arm-none-eabi/10.2.1/thumb/v6-m/nofp/libgcc.a(unorddf2.o)
                0x00000000c0d04a2c                __aeabi_dcmpun
 .text          0x00000000c0d04a68       0x6c /home/glenn2/ledger/gcc-arm-none-eabi-10-2020-q4-major/bin/../lib/gcc/arm-none-eabi/10.2.1/thumb/v6-m/nofp/libgcc.a(fixdfsi.o)
                0x00000000c0d04a68                __aeabi_d2iz
 .text          0x00000000c0d04ad4       0x60 /home/glenn2/ledger/gcc-arm-none-eabi-10-2020-q4-major/bin/../lib/gcc/arm-none-eabi/10.2.1/thumb/v6-m/nofp/libgcc.a(floatsidf.o)
                0x00000000c0d04ad4                __aeabi_i2d
 .text          0x00000000c0d04b34       0x4c /home/glenn2/ledger/gcc-arm-none-eabi-10-2020-q4-major/bin/../lib/gcc/arm-none-eabi/10.2.1/thumb/v6-m/nofp/libgcc.a(floatunsidf.o)
                0x00000000c0d04b34                __aeabi_ui2d
 .text          0x00000000c0d04b80       0x3c /home/glenn2/ledger/gcc-arm-none-eabi-10-2020-q4-major/bin/../lib/gcc/arm-none-eabi/10.2.1/thumb/v6-m/nofp/libgcc.a(_clzsi2.o)
                0x00000000c0d04b80                __clzsi2
 .text          0x00000000c0d04bbc       0x18 /home/glenn2/ledger/gcc-arm-none-eabi-10-2020-q4-major/bin/../lib/gcc/arm-none-eabi/10.2.1/thumb/v6-m/nofp/libgcc.a(_clzdi2.o)
                0x00000000c0d04bbc                __clzdi2
 .text.__aeabi_memclr
                0x00000000c0d04bd4        0xa /home/glenn2/ledger/gcc-arm-none-eabi-10-2020-q4-major/bin/../lib/gcc/arm-none-eabi/10.2.1/../../../../arm-none-eabi/lib/thumb/v6-m/nofp/libc_nano.a(lib_a-aeabi_memclr.o)
                0x00000000c0d04bd4                __aeabi_memclr8
                0x00000000c0d04bd4                __aeabi_memclr
                0x00000000c0d04bd4                __aeabi_memclr4
 .text.__aeabi_memcpy
                0x00000000c0d04bde        0x8 /home/glenn2/ledger/gcc-arm-none-eabi-10-2020-q4-major/bin/../lib/gcc/arm-none-eabi/10.2.1/../../../../arm-none-eabi/lib/thumb/v6-m/nofp/libc_nano.a(lib_a-aeabi_memcpy.o)
                0x00000000c0d04bde                __aeabi_memcpy
                0x00000000c0d04bde                __aeabi_memcpy4
                0x00000000c0d04bde                __aeabi_memcpy8
 .text.__aeabi_memmove
                0x00000000c0d04be6        0x8 /home/glenn2/ledger/gcc-arm-none-eabi-10-2020-q4-major/bin/../lib/gcc/arm-none-eabi/10.2.1/../../../../arm-none-eabi/lib/thumb/v6-m/nofp/libc_nano.a(lib_a-aeabi_memmove.o)
                0x00000000c0d04be6                __aeabi_memmove8
                0x00000000c0d04be6                __aeabi_memmove
                0x00000000c0d04be6                __aeabi_memmove4
 .text.__aeabi_memset
                0x00000000c0d04bee        0xe /home/glenn2/ledger/gcc-arm-none-eabi-10-2020-q4-major/bin/../lib/gcc/arm-none-eabi/10.2.1/../../../../arm-none-eabi/lib/thumb/v6-m/nofp/libc_nano.a(lib_a-aeabi_memset.o)
                0x00000000c0d04bee                __aeabi_memset
                0x00000000c0d04bee                __aeabi_memset8
                0x00000000c0d04bee                __aeabi_memset4
 .text.memcmp   0x00000000c0d04bfc       0x1c /home/glenn2/ledger/gcc-arm-none-eabi-10-2020-q4-major/bin/../lib/gcc/arm-none-eabi/10.2.1/../../../../arm-none-eabi/lib/thumb/v6-m/nofp/libc_nano.a(lib_a-memcmp.o)
                0x00000000c0d04bfc                memcmp
 .text.memcpy   0x00000000c0d04c18       0x12 /home/glenn2/ledger/gcc-arm-none-eabi-10-2020-q4-major/bin/../lib/gcc/arm-none-eabi/10.2.1/../../../../arm-none-eabi/lib/thumb/v6-m/nofp/libc_nano.a(lib_a-memcpy-stub.o)
                0x00000000c0d04c18                memcpy
 .text.memmove  0x00000000c0d04c2a       0x26 /home/glenn2/ledger/gcc-arm-none-eabi-10-2020-q4-major/bin/../lib/gcc/arm-none-eabi/10.2.1/../../../../arm-none-eabi/lib/thumb/v6-m/nofp/libc_nano.a(lib_a-memmove.o)
                0x00000000c0d04c2a                memmove
 .text.memset   0x00000000c0d04c50       0x10 /home/glenn2/ledger/gcc-arm-none-eabi-10-2020-q4-major/bin/../lib/gcc/arm-none-eabi/10.2.1/../../../../arm-none-eabi/lib/thumb/v6-m/nofp/libc_nano.a(lib_a-memset.o)
                0x00000000c0d04c50                memset
 .text          0x00000000c0d04c60       0x34 /home/glenn2/ledger/gcc-arm-none-eabi-10-2020-q4-major/bin/../lib/gcc/arm-none-eabi/10.2.1/../../../../arm-none-eabi/lib/thumb/v6-m/nofp/libc_nano.a(lib_a-setjmp.o)
                0x00000000c0d04c60                setjmp
                0x00000000c0d04c78                longjmp
 .text          0x00000000c0d04c94        0xe /home/glenn2/ledger/gcc-arm-none-eabi-10-2020-q4-major/bin/../lib/gcc/arm-none-eabi/10.2.1/../../../../arm-none-eabi/lib/thumb/v6-m/nofp/libc_nano.a(lib_a-strlen.o)
                0x00000000c0d04c94                strlen
 .text.strncpy  0x00000000c0d04ca2       0x28 /home/glenn2/ledger/gcc-arm-none-eabi-10-2020-q4-major/bin/../lib/gcc/arm-none-eabi/10.2.1/../../../../arm-none-eabi/lib/thumb/v6-m/nofp/libc_nano.a(lib_a-strncpy.o)
                0x00000000c0d04ca2                strncpy
 .text.strnlen  0x00000000c0d04cca       0x16 /home/glenn2/ledger/gcc-arm-none-eabi-10-2020-q4-major/bin/../lib/gcc/arm-none-eabi/10.2.1/../../../../arm-none-eabi/lib/thumb/v6-m/nofp/libc_nano.a(lib_a-strnlen.o)
                0x00000000c0d04cca                strnlen
 *(.rodata)
 .rodata        0x00000000c0d04ce0       0x40 /home/glenn2/ledger/gcc-arm-none-eabi-10-2020-q4-major/bin/../lib/gcc/arm-none-eabi/10.2.1/thumb/v6-m/nofp/libgcc.a(divdf3.o)
 .rodata        0x00000000c0d04d20       0x40 /home/glenn2/ledger/gcc-arm-none-eabi-10-2020-q4-major/bin/../lib/gcc/arm-none-eabi/10.2.1/thumb/v6-m/nofp/libgcc.a(muldf3.o)
 *(.rodata.[^N]*)
 .rodata.str1.1
                0x00000000c0d04d60       0x1f obj/debug.o
                                         0x23 (size before relaxing)
 .rodata.cst16  0x00000000c0d04d7f       0x10 obj/debug.o
 .rodata.str1.1
                0x00000000c0d04d8f      0x14e obj/eth_internals.o
                                        0x150 (size before relaxing)
 .rodata.str1.1
                0x00000000c0d04edd       0x26 obj/handle_finalize.o
 .rodata.str1.1
                0x00000000c0d04f03       0x6c obj/handle_init_contract.o
 .rodata.str1.1
                0x00000000c0d04f6f      0x3d1 obj/handle_provide_parameter.o
 .rodata.str1.1
                0x00000000c0d05340       0x2b obj/handle_provide_token.o
 .rodata.str1.1
                0x00000000c0d0536b       0x55 obj/handle_query_contract_id.o
 .rodata.str1.1
                0x00000000c0d053c0      0x180 obj/handle_query_contract_ui.o
                                        0x19a (size before relaxing)
 .rodata.UNISWAP_ADD_LIQUIDITY
                0x00000000c0d05540        0x4 obj/main.o
 .rodata.UNISWAP_ADD_LIQUIDITY_ETH
                0x00000000c0d05544        0x4 obj/main.o
 .rodata.UNISWAP_REMOVE_LIQUIDITY
                0x00000000c0d05548        0x4 obj/main.o
 .rodata.UNISWAP_REMOVE_LIQUIDITY_PERMIT
                0x00000000c0d0554c        0x4 obj/main.o
 .rodata.UNISWAP_REMOVE_LIQUIDITY_ETH
                0x00000000c0d05550        0x4 obj/main.o
 .rodata.UNISWAP_REMOVE_LIQUIDITY_ETH_PERMIT
                0x00000000c0d05554        0x4 obj/main.o
 .rodata.UNISWAP_REMOVE_LIQUIDITY_ETH_FEE
                0x00000000c0d05558        0x4 obj/main.o
 .rodata.UNISWAP_REMOVE_LIQUIDITY_ETH_PERMIT_FEE
                0x00000000c0d0555c        0x4 obj/main.o
 .rodata.UNISWAP_SWAP_ETH_FOR_EXACT_TOKENS
                0x00000000c0d05560        0x4 obj/main.o
 .rodata.UNISWAP_SWAP_EXACT_ETH_FOR_TOKENS
                0x00000000c0d05564        0x4 obj/main.o
 .rodata.UNISWAP_SWAP_EXACT_ETH_FOR_TOKENS_FEE
                0x00000000c0d05568        0x4 obj/main.o
 .rodata.UNISWAP_SWAP_EXACT_TOKENS_FOR_ETH
                0x00000000c0d0556c        0x4 obj/main.o
 .rodata.UNISWAP_SWAP_EXACT_TOKENS_FOR_ETH_FEE
                0x00000000c0d05570        0x4 obj/main.o
 .rodata.UNISWAP_SWAP_EXACT_TOKENS_FOR_TOKENS
                0x00000000c0d05574        0x4 obj/main.o
 .rodata.UNISWAP_SWAP_EXACT_TOKENS_FOR_TOKENS_FEE
                0x00000000c0d05578        0x4 obj/main.o
 .rodata.UNISWAP_SWAP_TOKENS_FOR_EXACT_ETH
                0x00000000c0d0557c        0x4 obj/main.o
 .rodata.UNISWAP_SWAP_TOKENS_FOR_EXACT_TOKENS
                0x00000000c0d05580        0x4 obj/main.o
 .rodata.OPENSA_SELECTORS
                0x00000000c0d05584       0x44 obj/main.o
                0x00000000c0d05584                OPENSA_SELECTORS
 .rodata.str1.1
                0x00000000c0d055c8       0x96 obj/main.o
 .rodata.str1.1
                0x00000000c0d0565e       0x1a obj/os.o
 .rodata.cst16  0x00000000c0d05678       0x10 obj/os_printf.o
                                         0x20 (size before relaxing)
 .rodata._ftoa.pow10
                0x00000000c0d05688       0x50 obj/printf.o
 .rodata.str1.1
                0x00000000c0d056d8       0x12 obj/printf.o
 *(.rodata.N[^_]*)
                0x00000000c0d056ec                . = ALIGN (0x4)
 *fill*         0x00000000c0d056ea        0x2 00
                0x00000000c0d056ec                _etext = .
                0x00000000c0d05700                . = ALIGN (PAGE_SIZE)
 *fill*         0x00000000c0d056ec       0x14 00
                0x00000000c0d05700                _nvram_data = .
 *(.bss.N_* .rodata.N_*)
                0x00000000c0d05700                . = ALIGN (PAGE_SIZE)
                0x00000000c0d05700                _envram_data = .
                0x00000000c0d05700                _install_parameters = .
                0x00000000c0d05700                _nvram_end = .

.glue_7         0x00000000c0d05700        0x0
 .glue_7        0x00000000c0d05700        0x0 linker stubs

.glue_7t        0x00000000c0d05700        0x0
 .glue_7t       0x00000000c0d05700        0x0 linker stubs

.vfp11_veneer   0x00000000c0d05700        0x0
 .vfp11_veneer  0x00000000c0d05700        0x0 linker stubs

.v4_bx          0x00000000c0d05700        0x0
 .v4_bx         0x00000000c0d05700        0x0 linker stubs

.iplt           0x00000000c0d05700        0x0
 .iplt          0x00000000c0d05700        0x0 obj/cx_stubs.o

.data           0x00000000d0000000        0x0
                0x00000000d0000000                . = ALIGN (0x4)
                0x00000000d0000000                _data = .
 *(vtable)
 *(.data*)
                0x00000000d0000000                _edata = .

.igot.plt       0x00000000d0000000        0x0
 .igot.plt      0x00000000d0000000        0x0 obj/cx_stubs.o

.cx_ram         0x0000000020001400      0x400
                0x0000000020001400                _cxram = .
                0x0000000020001400                . = (_cxram + OFF_G_cx)
 *(.bss.G_cx)
                0x0000000020001800                . = (_cxram + LENGTH (CXSRAM))
 *fill*         0x0000000020001400      0x400 00

.bss            0x0000000020000200      0x404
                0x0000000020000200                _bss = .
 *(.bss*)
                0x0000000020000200                _ebss = .
                0x0000000020000200                . = ALIGN (0x4)
                0x0000000020000200                app_stack_canary = .
                [!provide]                        PROVIDE (app_stack_canary = .)
                0x0000000020000204                . = (. + 0x4)
 *fill*         0x0000000020000200        0x4 00
                0x0000000020000204                _stack_validation = .
                0x0000000020000604                . = (_stack_validation + STACK_SIZE)
 *fill*         0x0000000020000204      0x400 00
                0x0000000020001000                _stack = (ABSOLUTE (END_STACK) - STACK_SIZE)
                [!provide]                        PROVIDE (_stack = (ABSOLUTE (END_STACK) - STACK_SIZE))
                0x0000000020001400                _estack = ABSOLUTE (END_STACK)
                [!provide]                        PROVIDE (_estack = ABSOLUTE (END_STACK))

DEBUG           0x00000000d0000000        0x8
 libc.a(*)
 libm.a(*)
 libgcc.a(*)
 *(.ARM.exidx* .gnu.linkonce.armexidx.*)
 .ARM.exidx.text.semihosted_printf
                0x00000000d0000000        0x0 obj/debug.o
                                          0x8 (size before relaxing)
 .ARM.exidx.text.print_bytes
                0x00000000d0000000        0x0 obj/debug.o
                                          0x8 (size before relaxing)
 .ARM.exidx.text.getEthAddressStringFromBinary
                0x00000000d0000000        0x0 obj/eth_internals.o
                                          0x8 (size before relaxing)
 .ARM.exidx.text.adjustDecimals
                0x00000000d0000000        0x0 obj/eth_internals.o
                                          0x8 (size before relaxing)
 .ARM.exidx.text.uint256_to_decimal
                0x00000000d0000000        0x0 obj/eth_internals.o
                                          0x8 (size before relaxing)
 .ARM.exidx.text.amountToString
                0x00000000d0000000        0x0 obj/eth_internals.o
                                          0x8 (size before relaxing)
 .ARM.exidx.text.handle_finalize
                0x00000000d0000000        0x0 obj/handle_finalize.o
                                          0x8 (size before relaxing)
 .ARM.exidx.text.handle_init_contract
                0x00000000d0000000        0x0 obj/handle_init_contract.o
                                          0x8 (size before relaxing)
 .ARM.exidx.text.handle_provide_parameter
                0x00000000d0000000        0x0 obj/handle_provide_parameter.o
                                          0x8 (size before relaxing)
 .ARM.exidx.text.handle_provide_token
                0x00000000d0000000        0x0 obj/handle_provide_token.o
                                          0x8 (size before relaxing)
 .ARM.exidx.text.handle_query_contract_id
                0x00000000d0000000        0x0 obj/handle_query_contract_id.o
                                          0x8 (size before relaxing)
 .ARM.exidx.text.handle_query_contract_ui
                0x00000000d0000000        0x0 obj/handle_query_contract_ui.o
                                          0x8 (size before relaxing)
 .ARM.exidx.text.dispatch_plugin_calls
                0x00000000d0000000        0x0 obj/main.o
                                          0x8 (size before relaxing)
 .ARM.exidx.boot
                0x00000000d0000000        0x8 obj/main.o
 .ARM.exidx.text.os_boot
                0x00000000d0000008        0x0 obj/os.o
                                          0x8 (size before relaxing)
 .ARM.exidx.text.os_longjmp
                0x00000000d0000008        0x0 obj/os.o
                                          0x8 (size before relaxing)
 .ARM.exidx.text.snprintf
                0x00000000d0000008        0x0 obj/os_printf.o
                                          0x8 (size before relaxing)
 .ARM.exidx.text.pic
                0x00000000d0000008        0x0 obj/pic.o
                                          0x8 (size before relaxing)
 .ARM.exidx.text.pic_internal
                0x00000000d0000008        0x0 obj/pic_internal.o
                                          0x8 (size before relaxing)
 .ARM.exidx.text._vsnprintf
                0x00000000d0000008        0x0 obj/printf.o
                                          0x8 (size before relaxing)
 .ARM.exidx.text._out_buffer
                0x00000000d0000008        0x0 obj/printf.o
                                          0x8 (size before relaxing)
 .ARM.exidx.text.vsnprintf_
                0x00000000d0000008        0x0 obj/printf.o
                                          0x8 (size before relaxing)
 .ARM.exidx.text._out_null
                0x00000000d0000008        0x0 obj/printf.o
                                          0x8 (size before relaxing)
 .ARM.exidx.text._ntoa_long_long
                0x00000000d0000008        0x0 obj/printf.o
                                          0x8 (size before relaxing)
 .ARM.exidx.text._ntoa_long
                0x00000000d0000008        0x0 obj/printf.o
                                          0x8 (size before relaxing)
 .ARM.exidx.text._ftoa
                0x00000000d0000008        0x0 obj/printf.o
                                          0x8 (size before relaxing)
 .ARM.exidx.text._etoa
                0x00000000d0000008        0x0 obj/printf.o
                                          0x8 (size before relaxing)
 .ARM.exidx.text._ntoa_format
                0x00000000d0000008        0x0 obj/printf.o
                                          0x8 (size before relaxing)
 .ARM.exidx.text._out_rev
                0x00000000d0000008        0x0 obj/printf.o
                                          0x8 (size before relaxing)
 .ARM.exidx.text.get_api_level
                0x00000000d0000008        0x0 obj/syscalls.o
                                          0x8 (size before relaxing)
 .ARM.exidx.text.os_lib_call
                0x00000000d0000008        0x0 obj/syscalls.o
                                          0x8 (size before relaxing)
 .ARM.exidx.text.os_lib_end
                0x00000000d0000008        0x0 obj/syscalls.o
                                          0x8 (size before relaxing)
 .ARM.exidx.text.os_sched_exit
                0x00000000d0000008        0x0 obj/syscalls.o
                                          0x8 (size before relaxing)
 .ARM.exidx.text.try_context_get
                0x00000000d0000008        0x0 obj/syscalls.o
                                          0x8 (size before relaxing)
 .ARM.exidx.text.try_context_set
                0x00000000d0000008        0x0 obj/syscalls.o
                                          0x8 (size before relaxing)
 .ARM.exidx     0x00000000d0000008        0x0 /home/glenn2/ledger/gcc-arm-none-eabi-10-2020-q4-major/bin/../lib/gcc/arm-none-eabi/10.2.1/thumb/v6-m/nofp/libgcc.a(_udivmoddi4.o)
                                          0x8 (size before relaxing)

.rel.dyn        0x00000000d0000008        0x0
 .rel.iplt      0x00000000d0000008        0x0 obj/cx_stubs.o

/DISCARD/
 *(.ARM.extab)
 *(.gnu.hash)
 *(.hash)
 *(.dynsym)
 *(.dynstr)

.stab
 *(.stab)

.stabstr
 *(.stabstr)

.stab.excl
 *(.stab.excl)

.stab.exclstr
 *(.stab.exclstr)

.stab.index
 *(.stab.index)

.stab.indexstr
 *(.stab.indexstr)

.comment        0x0000000000000000       0x2d
 *(.comment)
 .comment       0x0000000000000000       0x2d obj/debug.o
                                         0x2e (size before relaxing)
 .comment       0x000000000000002d       0x2e obj/eth_internals.o
 .comment       0x000000000000002d       0x2e obj/handle_finalize.o
 .comment       0x000000000000002d       0x2e obj/handle_init_contract.o
 .comment       0x000000000000002d       0x2e obj/handle_provide_parameter.o
 .comment       0x000000000000002d       0x2e obj/handle_provide_token.o
 .comment       0x000000000000002d       0x2e obj/handle_query_contract_id.o
 .comment       0x000000000000002d       0x2e obj/handle_query_contract_ui.o
 .comment       0x000000000000002d       0x2e obj/main.o
 .comment       0x000000000000002d       0x2e obj/os.o
 .comment       0x000000000000002d       0x2e obj/os_printf.o
 .comment       0x000000000000002d       0x2e obj/pic.o
 .comment       0x000000000000002d       0x2e obj/pic_internal.o
 .comment       0x000000000000002d       0x2e obj/printf.o
 .comment       0x000000000000002d       0x2e obj/syscalls.o

.ARM.attributes
                0x0000000000000000       0x35
 .ARM.attributes
                0x0000000000000000       0x1c obj/cx_stubs.o
 .ARM.attributes
                0x000000000000001c       0x47 obj/debug.o
 .ARM.attributes
                0x0000000000000063       0x47 obj/eth_internals.o
 .ARM.attributes
                0x00000000000000aa       0x47 obj/handle_finalize.o
 .ARM.attributes
                0x00000000000000f1       0x47 obj/handle_init_contract.o
 .ARM.attributes
                0x0000000000000138       0x47 obj/handle_provide_parameter.o
 .ARM.attributes
                0x000000000000017f       0x47 obj/handle_provide_token.o
 .ARM.attributes
                0x00000000000001c6       0x47 obj/handle_query_contract_id.o
 .ARM.attributes
                0x000000000000020d       0x47 obj/handle_query_contract_ui.o
 .ARM.attributes
                0x0000000000000254       0x47 obj/main.o
 .ARM.attributes
                0x000000000000029b       0x47 obj/os.o
 .ARM.attributes
                0x00000000000002e2       0x47 obj/os_printf.o
 .ARM.attributes
                0x0000000000000329       0x47 obj/pic.o
 .ARM.attributes
                0x0000000000000370       0x47 obj/pic_internal.o
 .ARM.attributes
                0x00000000000003b7       0x47 obj/printf.o
 .ARM.attributes
                0x00000000000003fe       0x1c obj/svc_call.o
 .ARM.attributes
                0x000000000000041a       0x47 obj/syscalls.o
 .ARM.attributes
                0x0000000000000461       0x1e /home/glenn2/ledger/gcc-arm-none-eabi-10-2020-q4-major/bin/../lib/gcc/arm-none-eabi/10.2.1/thumb/v6-m/nofp/libgcc.a(_udivsi3.o)
 .ARM.attributes
                0x000000000000047f       0x1e /home/glenn2/ledger/gcc-arm-none-eabi-10-2020-q4-major/bin/../lib/gcc/arm-none-eabi/10.2.1/thumb/v6-m/nofp/libgcc.a(_divsi3.o)
 .ARM.attributes
                0x000000000000049d       0x1e /home/glenn2/ledger/gcc-arm-none-eabi-10-2020-q4-major/bin/../lib/gcc/arm-none-eabi/10.2.1/thumb/v6-m/nofp/libgcc.a(_dvmd_tls.o)
 .ARM.attributes
                0x00000000000004bb       0x1e /home/glenn2/ledger/gcc-arm-none-eabi-10-2020-q4-major/bin/../lib/gcc/arm-none-eabi/10.2.1/thumb/v6-m/nofp/libgcc.a(_arm_cmpdf2.o)
 .ARM.attributes
                0x00000000000004d9       0x1e /home/glenn2/ledger/gcc-arm-none-eabi-10-2020-q4-major/bin/../lib/gcc/arm-none-eabi/10.2.1/thumb/v6-m/nofp/libgcc.a(_aeabi_uldivmod.o)
 .ARM.attributes
                0x00000000000004f7       0x2c /home/glenn2/ledger/gcc-arm-none-eabi-10-2020-q4-major/bin/../lib/gcc/arm-none-eabi/10.2.1/thumb/v6-m/nofp/libgcc.a(_muldi3.o)
 .ARM.attributes
                0x0000000000000523       0x2c /home/glenn2/ledger/gcc-arm-none-eabi-10-2020-q4-major/bin/../lib/gcc/arm-none-eabi/10.2.1/thumb/v6-m/nofp/libgcc.a(_fixunsdfsi.o)
 .ARM.attributes
                0x000000000000054f       0x2c /home/glenn2/ledger/gcc-arm-none-eabi-10-2020-q4-major/bin/../lib/gcc/arm-none-eabi/10.2.1/thumb/v6-m/nofp/libgcc.a(_udivmoddi4.o)
 .ARM.attributes
                0x000000000000057b       0x2c /home/glenn2/ledger/gcc-arm-none-eabi-10-2020-q4-major/bin/../lib/gcc/arm-none-eabi/10.2.1/thumb/v6-m/nofp/libgcc.a(adddf3.o)
 .ARM.attributes
                0x00000000000005a7       0x2c /home/glenn2/ledger/gcc-arm-none-eabi-10-2020-q4-major/bin/../lib/gcc/arm-none-eabi/10.2.1/thumb/v6-m/nofp/libgcc.a(divdf3.o)
 .ARM.attributes
                0x00000000000005d3       0x2c /home/glenn2/ledger/gcc-arm-none-eabi-10-2020-q4-major/bin/../lib/gcc/arm-none-eabi/10.2.1/thumb/v6-m/nofp/libgcc.a(eqdf2.o)
 .ARM.attributes
                0x00000000000005ff       0x2c /home/glenn2/ledger/gcc-arm-none-eabi-10-2020-q4-major/bin/../lib/gcc/arm-none-eabi/10.2.1/thumb/v6-m/nofp/libgcc.a(gedf2.o)
 .ARM.attributes
                0x000000000000062b       0x2c /home/glenn2/ledger/gcc-arm-none-eabi-10-2020-q4-major/bin/../lib/gcc/arm-none-eabi/10.2.1/thumb/v6-m/nofp/libgcc.a(ledf2.o)
 .ARM.attributes
                0x0000000000000657       0x2c /home/glenn2/ledger/gcc-arm-none-eabi-10-2020-q4-major/bin/../lib/gcc/arm-none-eabi/10.2.1/thumb/v6-m/nofp/libgcc.a(muldf3.o)
 .ARM.attributes
                0x0000000000000683       0x2c /home/glenn2/ledger/gcc-arm-none-eabi-10-2020-q4-major/bin/../lib/gcc/arm-none-eabi/10.2.1/thumb/v6-m/nofp/libgcc.a(subdf3.o)
 .ARM.attributes
                0x00000000000006af       0x2c /home/glenn2/ledger/gcc-arm-none-eabi-10-2020-q4-major/bin/../lib/gcc/arm-none-eabi/10.2.1/thumb/v6-m/nofp/libgcc.a(unorddf2.o)
 .ARM.attributes
                0x00000000000006db       0x2c /home/glenn2/ledger/gcc-arm-none-eabi-10-2020-q4-major/bin/../lib/gcc/arm-none-eabi/10.2.1/thumb/v6-m/nofp/libgcc.a(fixdfsi.o)
 .ARM.attributes
                0x0000000000000707       0x2c /home/glenn2/ledger/gcc-arm-none-eabi-10-2020-q4-major/bin/../lib/gcc/arm-none-eabi/10.2.1/thumb/v6-m/nofp/libgcc.a(floatsidf.o)
 .ARM.attributes
                0x0000000000000733       0x2c /home/glenn2/ledger/gcc-arm-none-eabi-10-2020-q4-major/bin/../lib/gcc/arm-none-eabi/10.2.1/thumb/v6-m/nofp/libgcc.a(floatunsidf.o)
 .ARM.attributes
                0x000000000000075f       0x1e /home/glenn2/ledger/gcc-arm-none-eabi-10-2020-q4-major/bin/../lib/gcc/arm-none-eabi/10.2.1/thumb/v6-m/nofp/libgcc.a(_clzsi2.o)
 .ARM.attributes
                0x000000000000077d       0x1e /home/glenn2/ledger/gcc-arm-none-eabi-10-2020-q4-major/bin/../lib/gcc/arm-none-eabi/10.2.1/thumb/v6-m/nofp/libgcc.a(_clzdi2.o)
 .ARM.attributes
                0x000000000000079b       0x2c /home/glenn2/ledger/gcc-arm-none-eabi-10-2020-q4-major/bin/../lib/gcc/arm-none-eabi/10.2.1/../../../../arm-none-eabi/lib/thumb/v6-m/nofp/libc_nano.a(lib_a-aeabi_memclr.o)
 .ARM.attributes
                0x00000000000007c7       0x2c /home/glenn2/ledger/gcc-arm-none-eabi-10-2020-q4-major/bin/../lib/gcc/arm-none-eabi/10.2.1/../../../../arm-none-eabi/lib/thumb/v6-m/nofp/libc_nano.a(lib_a-aeabi_memcpy.o)
 .ARM.attributes
                0x00000000000007f3       0x2c /home/glenn2/ledger/gcc-arm-none-eabi-10-2020-q4-major/bin/../lib/gcc/arm-none-eabi/10.2.1/../../../../arm-none-eabi/lib/thumb/v6-m/nofp/libc_nano.a(lib_a-aeabi_memmove.o)
 .ARM.attributes
                0x000000000000081f       0x2c /home/glenn2/ledger/gcc-arm-none-eabi-10-2020-q4-major/bin/../lib/gcc/arm-none-eabi/10.2.1/../../../../arm-none-eabi/lib/thumb/v6-m/nofp/libc_nano.a(lib_a-aeabi_memset.o)
 .ARM.attributes
                0x000000000000084b       0x2c /home/glenn2/ledger/gcc-arm-none-eabi-10-2020-q4-major/bin/../lib/gcc/arm-none-eabi/10.2.1/../../../../arm-none-eabi/lib/thumb/v6-m/nofp/libc_nano.a(lib_a-memcmp.o)
 .ARM.attributes
                0x0000000000000877       0x2c /home/glenn2/ledger/gcc-arm-none-eabi-10-2020-q4-major/bin/../lib/gcc/arm-none-eabi/10.2.1/../../../../arm-none-eabi/lib/thumb/v6-m/nofp/libc_nano.a(lib_a-memcpy-stub.o)
 .ARM.attributes
                0x00000000000008a3       0x2c /home/glenn2/ledger/gcc-arm-none-eabi-10-2020-q4-major/bin/../lib/gcc/arm-none-eabi/10.2.1/../../../../arm-none-eabi/lib/thumb/v6-m/nofp/libc_nano.a(lib_a-memmove.o)
 .ARM.attributes
                0x00000000000008cf       0x2c /home/glenn2/ledger/gcc-arm-none-eabi-10-2020-q4-major/bin/../lib/gcc/arm-none-eabi/10.2.1/../../../../arm-none-eabi/lib/thumb/v6-m/nofp/libc_nano.a(lib_a-memset.o)
 .ARM.attributes
                0x00000000000008fb       0x1c /home/glenn2/ledger/gcc-arm-none-eabi-10-2020-q4-major/bin/../lib/gcc/arm-none-eabi/10.2.1/../../../../arm-none-eabi/lib/thumb/v6-m/nofp/libc_nano.a(lib_a-setjmp.o)
 .ARM.attributes
                0x0000000000000917       0x1c /home/glenn2/ledger/gcc-arm-none-eabi-10-2020-q4-major/bin/../lib/gcc/arm-none-eabi/10.2.1/../../../../arm-none-eabi/lib/thumb/v6-m/nofp/libc_nano.a(lib_a-strlen.o)
 .ARM.attributes
                0x0000000000000933       0x2c /home/glenn2/ledger/gcc-arm-none-eabi-10-2020-q4-major/bin/../lib/gcc/arm-none-eabi/10.2.1/../../../../arm-none-eabi/lib/thumb/v6-m/nofp/libc_nano.a(lib_a-strncpy.o)
 .ARM.attributes
                0x000000000000095f       0x2c /home/glenn2/ledger/gcc-arm-none-eabi-10-2020-q4-major/bin/../lib/gcc/arm-none-eabi/10.2.1/../../../../arm-none-eabi/lib/thumb/v6-m/nofp/libc_nano.a(lib_a-strnlen.o)

.note.GNU-stack
                0x0000000000000000        0x0
 .note.GNU-stack
                0x0000000000000000        0x0 obj/debug.o
 .note.GNU-stack
                0x0000000000000000        0x0 obj/eth_internals.o
 .note.GNU-stack
                0x0000000000000000        0x0 obj/handle_finalize.o
 .note.GNU-stack
                0x0000000000000000        0x0 obj/handle_init_contract.o
 .note.GNU-stack
                0x0000000000000000        0x0 obj/handle_provide_parameter.o
 .note.GNU-stack
                0x0000000000000000        0x0 obj/handle_provide_token.o
 .note.GNU-stack
                0x0000000000000000        0x0 obj/handle_query_contract_id.o
 .note.GNU-stack
                0x0000000000000000        0x0 obj/handle_query_contract_ui.o
 .note.GNU-stack
                0x0000000000000000        0x0 obj/main.o
 .note.GNU-stack
                0x0000000000000000        0x0 obj/os.o
 .note.GNU-stack
                0x0000000000000000        0x0 obj/os_printf.o
 .note.GNU-stack
                0x0000000000000000        0x0 obj/pic.o
 .note.GNU-stack
                0x0000000000000000        0x0 obj/pic_internal.o
 .note.GNU-stack
                0x0000000000000000        0x0 obj/printf.o
 .note.GNU-stack
                0x0000000000000000        0x0 obj/syscalls.o

.debug
 *(.debug)

.line
 *(.line)

.debug_srcinfo
 *(.debug_srcinfo)

.debug_sfnames
 *(.debug_sfnames)

.debug_aranges  0x0000000000000000      0x3b8
 *(.debug_aranges)
 .debug_aranges
                0x0000000000000000      0x398 obj/cx_stubs.o
 .debug_aranges
                0x0000000000000398       0x20 obj/svc_call.o

.debug_pubnames
 *(.debug_pubnames)

.debug_info     0x0000000000000000     0x8ab8
 *(.debug_info .gnu.linkonce.wi.*)
 .debug_info    0x0000000000000000       0x22 obj/cx_stubs.o
 .debug_info    0x0000000000000022      0x289 obj/debug.o
 .debug_info    0x00000000000002ab      0xbcb obj/eth_internals.o
 .debug_info    0x0000000000000e76      0x6a7 obj/handle_finalize.o
 .debug_info    0x000000000000151d      0x680 obj/handle_init_contract.o
 .debug_info    0x0000000000001b9d      0xa68 obj/handle_provide_parameter.o
 .debug_info    0x0000000000002605      0x68b obj/handle_provide_token.o
 .debug_info    0x0000000000002c90      0x65f obj/handle_query_contract_id.o
 .debug_info    0x00000000000032ef      0xae3 obj/handle_query_contract_ui.o
 .debug_info    0x0000000000003dd2      0x33c obj/main.o
 .debug_info    0x000000000000410e      0x62c obj/os.o
 .debug_info    0x000000000000473a      0x3fe obj/os_printf.o
 .debug_info    0x0000000000004b38       0x4f obj/pic.o
 .debug_info    0x0000000000004b87       0x3f obj/pic_internal.o
 .debug_info    0x0000000000004bc6      0xd9e obj/printf.o
 .debug_info    0x0000000000005964       0x26 obj/svc_call.o
 .debug_info    0x000000000000598a     0x312e obj/syscalls.o

.debug_abbrev   0x0000000000000000     0x129c
 *(.debug_abbrev)
 .debug_abbrev  0x0000000000000000       0x12 obj/cx_stubs.o
 .debug_abbrev  0x0000000000000012      0x147 obj/debug.o
 .debug_abbrev  0x0000000000000159      0x1c7 obj/eth_internals.o
 .debug_abbrev  0x0000000000000320      0x11f obj/handle_finalize.o
 .debug_abbrev  0x000000000000043f       0xe9 obj/handle_init_contract.o
 .debug_abbrev  0x0000000000000528      0x15b obj/handle_provide_parameter.o
 .debug_abbrev  0x0000000000000683       0xf6 obj/handle_provide_token.o
 .debug_abbrev  0x0000000000000779       0xf6 obj/handle_query_contract_id.o
 .debug_abbrev  0x000000000000086f      0x1a3 obj/handle_query_contract_ui.o
 .debug_abbrev  0x0000000000000a12      0x167 obj/main.o
 .debug_abbrev  0x0000000000000b79      0x1be obj/os.o
 .debug_abbrev  0x0000000000000d37      0x15a obj/os_printf.o
 .debug_abbrev  0x0000000000000e91       0x3f obj/pic.o
 .debug_abbrev  0x0000000000000ed0       0x30 obj/pic_internal.o
 .debug_abbrev  0x0000000000000f00      0x219 obj/printf.o
 .debug_abbrev  0x0000000000001119       0x14 obj/svc_call.o
 .debug_abbrev  0x000000000000112d      0x16f obj/syscalls.o

.debug_line     0x0000000000000000     0x65d1
 *(.debug_line)
 .debug_line    0x0000000000000000      0x799 obj/cx_stubs.o
 .debug_line    0x0000000000000799      0x249 obj/debug.o
 .debug_line    0x00000000000009e2      0x70c obj/eth_internals.o
 .debug_line    0x00000000000010ee      0x2d5 obj/handle_finalize.o
 .debug_line    0x00000000000013c3      0x3a5 obj/handle_init_contract.o
 .debug_line    0x0000000000001768      0x606 obj/handle_provide_parameter.o
 .debug_line    0x0000000000001d6e      0x328 obj/handle_provide_token.o
 .debug_line    0x0000000000002096      0x340 obj/handle_query_contract_id.o
 .debug_line    0x00000000000023d6      0x61e obj/handle_query_contract_ui.o
 .debug_line    0x00000000000029f4      0x27c obj/main.o
 .debug_line    0x0000000000002c70      0x5fc obj/os.o
 .debug_line    0x000000000000326c      0x80a obj/os_printf.o
 .debug_line    0x0000000000003a76       0x75 obj/pic.o
 .debug_line    0x0000000000003aeb       0x6e obj/pic_internal.o
 .debug_line    0x0000000000003b59      0xe4c obj/printf.o
 .debug_line    0x00000000000049a5       0x66 obj/svc_call.o
 .debug_line    0x0000000000004a0b     0x1bc6 obj/syscalls.o

.debug_frame    0x0000000000000000     0x1bac
 *(.debug_frame)
 .debug_frame   0x0000000000000000       0x60 obj/debug.o
 .debug_frame   0x0000000000000060       0xb4 obj/eth_internals.o
 .debug_frame   0x0000000000000114       0x30 obj/handle_finalize.o
 .debug_frame   0x0000000000000144       0x30 obj/handle_init_contract.o
 .debug_frame   0x0000000000000174       0x30 obj/handle_provide_parameter.o
 .debug_frame   0x00000000000001a4       0x2c obj/handle_provide_token.o
 .debug_frame   0x00000000000001d0       0x2c obj/handle_query_contract_id.o
 .debug_frame   0x00000000000001fc       0x30 obj/handle_query_contract_ui.o
 .debug_frame   0x000000000000022c       0x68 obj/main.o
 .debug_frame   0x0000000000000294      0x144 obj/os.o
 .debug_frame   0x00000000000003d8       0x78 obj/os_printf.o
 .debug_frame   0x0000000000000450       0x28 obj/pic.o
 .debug_frame   0x0000000000000478       0x20 obj/pic_internal.o
 .debug_frame   0x0000000000000498      0x200 obj/printf.o
 .debug_frame   0x0000000000000698     0x1078 obj/syscalls.o
 .debug_frame   0x0000000000001710       0x20 /home/glenn2/ledger/gcc-arm-none-eabi-10-2020-q4-major/bin/../lib/gcc/arm-none-eabi/10.2.1/thumb/v6-m/nofp/libgcc.a(_udivsi3.o)
 .debug_frame   0x0000000000001730       0x20 /home/glenn2/ledger/gcc-arm-none-eabi-10-2020-q4-major/bin/../lib/gcc/arm-none-eabi/10.2.1/thumb/v6-m/nofp/libgcc.a(_divsi3.o)
 .debug_frame   0x0000000000001750       0x34 /home/glenn2/ledger/gcc-arm-none-eabi-10-2020-q4-major/bin/../lib/gcc/arm-none-eabi/10.2.1/thumb/v6-m/nofp/libgcc.a(_muldi3.o)
 .debug_frame   0x0000000000001784       0x2c /home/glenn2/ledger/gcc-arm-none-eabi-10-2020-q4-major/bin/../lib/gcc/arm-none-eabi/10.2.1/thumb/v6-m/nofp/libgcc.a(_fixunsdfsi.o)
 .debug_frame   0x00000000000017b0       0x3c /home/glenn2/ledger/gcc-arm-none-eabi-10-2020-q4-major/bin/../lib/gcc/arm-none-eabi/10.2.1/thumb/v6-m/nofp/libgcc.a(_udivmoddi4.o)
 .debug_frame   0x00000000000017ec       0x38 /home/glenn2/ledger/gcc-arm-none-eabi-10-2020-q4-major/bin/../lib/gcc/arm-none-eabi/10.2.1/thumb/v6-m/nofp/libgcc.a(adddf3.o)
 .debug_frame   0x0000000000001824       0x3c /home/glenn2/ledger/gcc-arm-none-eabi-10-2020-q4-major/bin/../lib/gcc/arm-none-eabi/10.2.1/thumb/v6-m/nofp/libgcc.a(divdf3.o)
 .debug_frame   0x0000000000001860       0x38 /home/glenn2/ledger/gcc-arm-none-eabi-10-2020-q4-major/bin/../lib/gcc/arm-none-eabi/10.2.1/thumb/v6-m/nofp/libgcc.a(eqdf2.o)
 .debug_frame   0x0000000000001898       0x34 /home/glenn2/ledger/gcc-arm-none-eabi-10-2020-q4-major/bin/../lib/gcc/arm-none-eabi/10.2.1/thumb/v6-m/nofp/libgcc.a(gedf2.o)
 .debug_frame   0x00000000000018cc       0x34 /home/glenn2/ledger/gcc-arm-none-eabi-10-2020-q4-major/bin/../lib/gcc/arm-none-eabi/10.2.1/thumb/v6-m/nofp/libgcc.a(ledf2.o)
 .debug_frame   0x0000000000001900       0x3c /home/glenn2/ledger/gcc-arm-none-eabi-10-2020-q4-major/bin/../lib/gcc/arm-none-eabi/10.2.1/thumb/v6-m/nofp/libgcc.a(muldf3.o)
 .debug_frame   0x000000000000193c       0x3c /home/glenn2/ledger/gcc-arm-none-eabi-10-2020-q4-major/bin/../lib/gcc/arm-none-eabi/10.2.1/thumb/v6-m/nofp/libgcc.a(subdf3.o)
 .debug_frame   0x0000000000001978       0x2c /home/glenn2/ledger/gcc-arm-none-eabi-10-2020-q4-major/bin/../lib/gcc/arm-none-eabi/10.2.1/thumb/v6-m/nofp/libgcc.a(unorddf2.o)
 .debug_frame   0x00000000000019a4       0x2c /home/glenn2/ledger/gcc-arm-none-eabi-10-2020-q4-major/bin/../lib/gcc/arm-none-eabi/10.2.1/thumb/v6-m/nofp/libgcc.a(fixdfsi.o)
 .debug_frame   0x00000000000019d0       0x2c /home/glenn2/ledger/gcc-arm-none-eabi-10-2020-q4-major/bin/../lib/gcc/arm-none-eabi/10.2.1/thumb/v6-m/nofp/libgcc.a(floatsidf.o)
 .debug_frame   0x00000000000019fc       0x28 /home/glenn2/ledger/gcc-arm-none-eabi-10-2020-q4-major/bin/../lib/gcc/arm-none-eabi/10.2.1/thumb/v6-m/nofp/libgcc.a(floatunsidf.o)
 .debug_frame   0x0000000000001a24       0x28 /home/glenn2/ledger/gcc-arm-none-eabi-10-2020-q4-major/bin/../lib/gcc/arm-none-eabi/10.2.1/../../../../arm-none-eabi/lib/thumb/v6-m/nofp/libc_nano.a(lib_a-aeabi_memclr.o)
 .debug_frame   0x0000000000001a4c       0x28 /home/glenn2/ledger/gcc-arm-none-eabi-10-2020-q4-major/bin/../lib/gcc/arm-none-eabi/10.2.1/../../../../arm-none-eabi/lib/thumb/v6-m/nofp/libc_nano.a(lib_a-aeabi_memcpy.o)
 .debug_frame   0x0000000000001a74       0x28 /home/glenn2/ledger/gcc-arm-none-eabi-10-2020-q4-major/bin/../lib/gcc/arm-none-eabi/10.2.1/../../../../arm-none-eabi/lib/thumb/v6-m/nofp/libc_nano.a(lib_a-aeabi_memmove.o)
 .debug_frame   0x0000000000001a9c       0x28 /home/glenn2/ledger/gcc-arm-none-eabi-10-2020-q4-major/bin/../lib/gcc/arm-none-eabi/10.2.1/../../../../arm-none-eabi/lib/thumb/v6-m/nofp/libc_nano.a(lib_a-aeabi_memset.o)
 .debug_frame   0x0000000000001ac4       0x2c /home/glenn2/ledger/gcc-arm-none-eabi-10-2020-q4-major/bin/../lib/gcc/arm-none-eabi/10.2.1/../../../../arm-none-eabi/lib/thumb/v6-m/nofp/libc_nano.a(lib_a-memcmp.o)
 .debug_frame   0x0000000000001af0       0x28 /home/glenn2/ledger/gcc-arm-none-eabi-10-2020-q4-major/bin/../lib/gcc/arm-none-eabi/10.2.1/../../../../arm-none-eabi/lib/thumb/v6-m/nofp/libc_nano.a(lib_a-memcpy-stub.o)
 .debug_frame   0x0000000000001b18       0x28 /home/glenn2/ledger/gcc-arm-none-eabi-10-2020-q4-major/bin/../lib/gcc/arm-none-eabi/10.2.1/../../../../arm-none-eabi/lib/thumb/v6-m/nofp/libc_nano.a(lib_a-memmove.o)
 .debug_frame   0x0000000000001b40       0x20 /home/glenn2/ledger/gcc-arm-none-eabi-10-2020-q4-major/bin/../lib/gcc/arm-none-eabi/10.2.1/../../../../arm-none-eabi/lib/thumb/v6-m/nofp/libc_nano.a(lib_a-memset.o)
 .debug_frame   0x0000000000001b60       0x2c /home/glenn2/ledger/gcc-arm-none-eabi-10-2020-q4-major/bin/../lib/gcc/arm-none-eabi/10.2.1/../../../../arm-none-eabi/lib/thumb/v6-m/nofp/libc_nano.a(lib_a-strncpy.o)
 .debug_frame   0x0000000000001b8c       0x20 /home/glenn2/ledger/gcc-arm-none-eabi-10-2020-q4-major/bin/../lib/gcc/arm-none-eabi/10.2.1/../../../../arm-none-eabi/lib/thumb/v6-m/nofp/libc_nano.a(lib_a-strnlen.o)

.debug_str      0x0000000000000000     0x2864
 *(.debug_str)
 .debug_str     0x0000000000000000       0x5e obj/cx_stubs.o
 .debug_str     0x000000000000005e      0x104 obj/debug.o
                                        0x161 (size before relaxing)
 .debug_str     0x0000000000000162      0x8d6 obj/eth_internals.o
                                        0xa00 (size before relaxing)
 .debug_str     0x0000000000000a38      0x244 obj/handle_finalize.o
                                        0x514 (size before relaxing)
 .debug_str     0x0000000000000c7c       0x85 obj/handle_init_contract.o
                                        0x515 (size before relaxing)
 .debug_str     0x0000000000000d01      0x15c obj/handle_provide_parameter.o
                                        0x5eb (size before relaxing)
 .debug_str     0x0000000000000e5d       0x7a obj/handle_provide_token.o
                                        0x517 (size before relaxing)
 .debug_str     0x0000000000000ed7       0x6b obj/handle_query_contract_id.o
                                        0x501 (size before relaxing)
 .debug_str     0x0000000000000f42      0x171 obj/handle_query_contract_ui.o
                                        0x8d9 (size before relaxing)
 .debug_str     0x00000000000010b3      0x306 obj/main.o
                                        0x3b6 (size before relaxing)
 .debug_str     0x00000000000013b9      0x1b9 obj/os.o
                                        0x2b1 (size before relaxing)
 .debug_str     0x0000000000001572       0xf1 obj/os_printf.o
                                        0x203 (size before relaxing)
 .debug_str     0x0000000000001663       0x40 obj/pic.o
                                         0x89 (size before relaxing)
 .debug_str     0x00000000000016a3       0x45 obj/pic_internal.o
                                         0x8e (size before relaxing)
 .debug_str     0x00000000000016e8      0x1a6 obj/printf.o
                                        0x32f (size before relaxing)
 .debug_str     0x000000000000188e       0x34 obj/svc_call.o
                                         0x5e (size before relaxing)
 .debug_str     0x00000000000018c2      0xfa2 obj/syscalls.o
                                       0x143f (size before relaxing)

.debug_loc      0x0000000000000000     0x54a7
 *(.debug_loc)
 .debug_loc     0x0000000000000000      0x139 obj/debug.o
 .debug_loc     0x0000000000000139      0x81f obj/eth_internals.o
 .debug_loc     0x0000000000000958       0x80 obj/handle_finalize.o
 .debug_loc     0x00000000000009d8       0x6d obj/handle_init_contract.o
 .debug_loc     0x0000000000000a45      0x6b1 obj/handle_provide_parameter.o
 .debug_loc     0x00000000000010f6       0x3c obj/handle_provide_token.o
 .debug_loc     0x0000000000001132       0x3c obj/handle_query_contract_id.o
 .debug_loc     0x000000000000116e      0x201 obj/handle_query_contract_ui.o
 .debug_loc     0x000000000000136f       0xa0 obj/main.o
 .debug_loc     0x000000000000140f      0x597 obj/os.o
 .debug_loc     0x00000000000019a6      0xb72 obj/os_printf.o
 .debug_loc     0x0000000000002518       0x13 obj/pic.o
 .debug_loc     0x000000000000252b     0x163d obj/printf.o
 .debug_loc     0x0000000000003b68     0x193f obj/syscalls.o

.debug_macinfo  0x0000000000000000        0xf
 *(.debug_macinfo)
 .debug_macinfo
                0x0000000000000000        0x1 obj/debug.o
 .debug_macinfo
                0x0000000000000001        0x1 obj/eth_internals.o
 .debug_macinfo
                0x0000000000000002        0x1 obj/handle_finalize.o
 .debug_macinfo
                0x0000000000000003        0x1 obj/handle_init_contract.o
 .debug_macinfo
                0x0000000000000004        0x1 obj/handle_provide_parameter.o
 .debug_macinfo
                0x0000000000000005        0x1 obj/handle_provide_token.o
 .debug_macinfo
                0x0000000000000006        0x1 obj/handle_query_contract_id.o
 .debug_macinfo
                0x0000000000000007        0x1 obj/handle_query_contract_ui.o
 .debug_macinfo
                0x0000000000000008        0x1 obj/main.o
 .debug_macinfo
                0x0000000000000009        0x1 obj/os.o
 .debug_macinfo
                0x000000000000000a        0x1 obj/os_printf.o
 .debug_macinfo
                0x000000000000000b        0x1 obj/pic.o
 .debug_macinfo
                0x000000000000000c        0x1 obj/pic_internal.o
 .debug_macinfo
                0x000000000000000d        0x1 obj/printf.o
 .debug_macinfo
                0x000000000000000e        0x1 obj/syscalls.o

.debug_weaknames
 *(.debug_weaknames)

.debug_funcnames
 *(.debug_funcnames)

.debug_typenames
 *(.debug_typenames)

.debug_varnames
 *(.debug_varnames)
                0x00000000c0d00000                PROVIDE (_nvram = ABSOLUTE (_nvram_start))
                0x00000000c0d05700                PROVIDE (_envram = ABSOLUTE (_nvram_end))
OUTPUT(bin/app.elf elf32-littlearm)
LOAD linker stubs
LOAD /home/glenn2/ledger/gcc-arm-none-eabi-10-2020-q4-major/bin/../lib/gcc/arm-none-eabi/10.2.1/../../../../arm-none-eabi/lib/thumb/v6-m/nofp/libc.a
LOAD /home/glenn2/ledger/gcc-arm-none-eabi-10-2020-q4-major/bin/../lib/gcc/arm-none-eabi/10.2.1/../../../../arm-none-eabi/lib/thumb/v6-m/nofp/libm.a
LOAD /home/glenn2/ledger/gcc-arm-none-eabi-10-2020-q4-major/bin/../lib/gcc/arm-none-eabi/10.2.1/thumb/v6-m/nofp/libgcc.a

.debug_ranges   0x0000000000000000      0xcf0
 .debug_ranges  0x0000000000000000      0x390 obj/cx_stubs.o
 .debug_ranges  0x0000000000000390       0x20 obj/debug.o
 .debug_ranges  0x00000000000003b0       0xd0 obj/eth_internals.o
 .debug_ranges  0x0000000000000480       0xf0 obj/handle_provide_parameter.o
 .debug_ranges  0x0000000000000570       0x60 obj/handle_query_contract_ui.o
 .debug_ranges  0x00000000000005d0       0x38 obj/main.o
 .debug_ranges  0x0000000000000608       0xa8 obj/os.o
 .debug_ranges  0x00000000000006b0       0x20 obj/os_printf.o
 .debug_ranges  0x00000000000006d0      0x168 obj/printf.o
 .debug_ranges  0x0000000000000838      0x4b8 obj/syscalls.o
